06:31:17 **** Incremental Build of configuration Debug for project Midterm ****
make -j8 all 
arm-none-eabi-gcc "../Core/Src/fsm_button.c" -mcpu=cortex-m3 -std=gnu11 -g3 -DDEBUG -DUSE_HAL_DRIVER -DSTM32F103x6 -c -I../Core/Inc -I../Drivers/STM32F1xx_HAL_Driver/Inc -I../Drivers/STM32F1xx_HAL_Driver/Inc/Legacy -I../Drivers/CMSIS/Device/ST/STM32F1xx/Include -I../Drivers/CMSIS/Include -O0 -ffunction-sections -fdata-sections -Wall -fstack-usage -MMD -MP -MF"Core/Src/fsm_button.d" -MT"Core/Src/fsm_button.o" --specs=nano.specs -mfloat-abi=soft -mthumb -o "Core/Src/fsm_button.o"
arm-none-eabi-gcc -o "Midterm.elf" @"objects.list"   -mcpu=cortex-m3 -T"D:\HK211\CO3009\Midterm\Midterm\STM32F103C6UX_FLASH.ld" --specs=nosys.specs -Wl,-Map="Midterm.map" -Wl,--gc-sections -static --specs=nano.specs -mfloat-abi=soft -mthumb -Wl,--start-group -lc -lm -Wl,--end-group
Finished building target: Midterm.elf
 
arm-none-eabi-size   Midterm.elf 
arm-none-eabi-objdump -h -S  Midterm.elf  > "Midterm.list"
arm-none-eabi-objcopy  -O ihex  Midterm.elf  "Midterm.hex"
   text	   data	    bss	    dec	    hex	filename
   8672	     32	   1704	  10408	   28a8	Midterm.elf
arm-none-eabi-objcopy  -O binary  Midterm.elf  "Midterm.bin"
Finished building: default.size.stdout
 
Finished building: Midterm.hex
Finished building: Midterm.bin
 
 
Finished building: Midterm.list
 

06:31:18 Build Finished. 0 errors, 0 warnings. (took 741ms)

